cargo :    Compiling megaengine v0.1.0 (E:\code\megaengine)
所在位置 行:1 字符: 1
+ cargo test --lib 2>&1 | Tee-Object -FilePath test_output.txt | Select ...
+ ~~~~~~~~~~~~~~~~~~~~~
    + CategoryInfo          : NotSpecified: (   Compiling me...ode\megaengine):String) [], RemoteException
    + FullyQualifiedErrorId : NativeCommandError
 
warning: unused import: `anyhow`
 --> src\gossip\message.rs:1:14
  |
1 | use anyhow::{anyhow, Result};
  |              ^^^^^^
  |
  = note: `#[warn(unused_imports)]` (part of `#[warn(unused)]`) on by default

warning: unused import: `time`
 --> src\gossip\message.rs:4:28
  |
4 | use std::{net::SocketAddr, time};
  |                            ^^^^

warning: unused import: `self`
  --> src\node\node_manager.rs:49:36
   |
49 |     use crate::identity::keypair::{self, KeyPair};
   |                                    ^^^^

warning: unused import: `serde_json::Map`
 --> src\repo\repo.rs:2:5
  |
2 | use serde_json::Map;
  |     ^^^^^^^^^^^^^^^

warning: unused import: `Context`
 --> src\transport\config.rs:1:14
  |
1 | use anyhow::{Context, Result};
  |              ^^^^^^^

warning: unused imports: `ConnectionError`, `RecvStream`, `ServerConfig`, `TransportConfig`, and `VarInt`
 --> src\transport\quic.rs:6:17
  |
6 |     Connection, ConnectionError, Endpoint, Incoming, RecvStream, ServerConfig, TransportConfig,
  |                 ^^^^^^^^^^^^^^^                      ^^^^^^^^^^  ^^^^^^^^^^^^  ^^^^^^^^^^^^^^^
7 |     VarInt,
  |     ^^^^^^

warning: unused import: `sleep`
   --> src\transport\quic.rs:235:23
    |
235 |     use tokio::time::{sleep, Duration};
    |                       ^^^^^

warning: method `sender` is never used
   --> src\gossip\message.rs:128:12
    |
118 | impl GossipMessage {
    | ------------------ method in this implementation
...
128 |     pub fn sender(&self) -> &NodeId {
    |            ^^^^^^
    |
    = note: `#[warn(dead_code)]` (part of `#[warn(unused)]`) on by default

warning: field `config` is never read
  --> src\transport\quic.rs:20:5
   |
19 | pub struct ConnectionManager {
   |            ----------------- field in this struct
20 |     config: QuicConfig,
   |     ^^^^^^
   |
   = note: `ConnectionManager` has derived impls for the traits `Clone` and `Debug`, but these are intentionally ignored durin
g dead code analysis

warning: `megaengine` (lib test) generated 9 warnings (run `cargo fix --lib -p megaengine --tests` to apply 7 suggestions)
    Finished `test` profile [unoptimized + debuginfo] target(s) in 2.64s
     Running unittests src\lib.rs (target\debug\deps\megaengine-eb0cb39cd0e3c673.exe)

running 40 tests
test repo::repo::tests::test_repo_refs ... ok
test node::node_id::tests::test_valid_from_string ... ok
test node::node::tests::test_node_from_keypair ... ok
test node::node::tests::test_create_node ... ok
test node::node_id::tests::test_invalid_key_length ... ok
test identity::keypair::tests::test_no_signing_key_error ... ok
test repo::repo_id::tests::test_from_string_valid ... ok
test node::node_id::tests::test_invalid_encoding ... ok
test node::node_id::tests::test_invalid_key_prefix ... ok
test node::node_id::tests::test_invalid_key_prefix_from_string ... ok
test node::node_id::tests::test_invalid_prefix ... ok
test node::node_id::tests::test_invalid_prefix_from_string ... ok
test node::node::tests::test_node_type_enum ... ok
test gossip::message::tests::test_new_node_sign_message ... ok
test node::node_manager::tests::test_node_manager_insert_node ... ok
test repo::repo::tests::test_repo_creation ... ok
test repo::repo_id::tests::test_from_string_empty_encoded_part ... ok
test node::node_manager::tests::test_node_manager_mark_alive ... ok
test gossip::message::tests::test_new_repo_sign_message ... ok
test repo::repo_id::tests::test_from_string_invalid_base_format ... ok
test repo::repo_id::tests::test_from_string_invalid_prefix ... ok
test node::node_manager::tests::test_node_manager_routing_print ... ok
test repo::repo_id::tests::test_repo_id_display ... ok
test repo::repo_id::tests::test_generate_repo_id ... ok
test node::node_id::tests::test_invalid_base_from_string ... ok
test repo::repo_id::tests::test_repo_id_from_str ... ok
test node::node_id::tests::test_node_id_from_and_to_keypair ... ok
test repo::repo_manager::tests::test_repo_manager ... ok
test storage::tests::test_data_dir ... ok
test storage::tests::test_keypair_path ... ok
test identity::keypair::tests::test_export_and_import_signing_key ... ok
test transport::quic::tests::test_send_message ... FAILED
test transport::quic::tests::test_server_creation ... FAILED
test storage::tests::test_save_and_load_keypair ... ok
test identity::keypair::tests::test_invalid_signature ... ok
test identity::keypair::tests::test_generate_and_sign_verify ... ok
test identity::keypair::tests::test_export_and_import_verifying_key ... ok
test transport::quic::tests::test_client_connection ... ok
test node::node_manager::tests::test_node_manager_cleanup_expired ... ok
test node::node::tests::test_node_routing ... ok

failures:

---- transport::quic::tests::test_send_message stdout ----

thread 'transport::quic::tests::test_send_message' (35188) panicked at src\transport\quic.rs:240:14:
called `Result::unwrap()` on an `Err` value: CryptoProvider { cipher_suites: [TLS13_AES_256_GCM_SHA384, TLS13_AES_128_GCM_SHA256, TLS13_CHACHA20_POLY1305_SHA256, TLS_ECDHE_ECDSA_WITH_AES_256_GCM_SHA384, TLS_ECDHE_ECDSA_WITH_AES_128_GCM_SHA256, TLS_ECDHE_ECDSA_WITH_CHACHA20_POLY1305_SHA256, TLS_ECDHE_RSA_WITH_AES_256_GCM_SHA384, TLS_ECDHE_RSA_WITH_AES_128_GCM_SHA256, TLS_ECDHE_RSA_WITH_CHACHA20_POLY1305_SHA256], kx_groups: [X25519, secp256r1, secp384r1], signature_verification_algorithms: WebPkiSupportedAlgorithms { all: [ .. ], mapping: [ECDSA_NISTP384_SHA384, ECDSA_NISTP256_SHA256, ED25519, RSA_PSS_SHA512, RSA_PSS_SHA384, RSA_PSS_SHA256, RSA_PKCS1_SHA512, RSA_PKCS1_SHA384, RSA_PKCS1_SHA256] }, secure_random: Ring, key_provider: Ring }

---- transport::quic::tests::test_server_creation stdout ----

thread 'transport::quic::tests::test_server_creation' (45408) panicked at src\transport\quic.rs:240:14:
called `Result::unwrap()` on an `Err` value: CryptoProvider { cipher_suites: [TLS13_AES_256_GCM_SHA384, TLS13_AES_128_GCM_SHA256, TLS13_CHACHA20_POLY1305_SHA256, TLS_ECDHE_ECDSA_WITH_AES_256_GCM_SHA384, TLS_ECDHE_ECDSA_WITH_AES_128_GCM_SHA256, TLS_ECDHE_ECDSA_WITH_CHACHA20_POLY1305_SHA256, TLS_ECDHE_RSA_WITH_AES_256_GCM_SHA384, TLS_ECDHE_RSA_WITH_AES_128_GCM_SHA256, TLS_ECDHE_RSA_WITH_CHACHA20_POLY1305_SHA256], kx_groups: [X25519, secp256r1, secp384r1], signature_verification_algorithms: WebPkiSupportedAlgorithms { all: [ .. ], mapping: [ECDSA_NISTP384_SHA384, ECDSA_NISTP256_SHA256, ED25519, RSA_PSS_SHA512, RSA_PSS_SHA384, RSA_PSS_SHA256, RSA_PKCS1_SHA512, RSA_PKCS1_SHA384, RSA_PKCS1_SHA256] }, secure_random: Ring, key_provider: Ring }
note: run with `RUST_BACKTRACE=1` environment variable to display a backtrace


failures:
    transport::quic::tests::test_send_message
    transport::quic::tests::test_server_creation

test result: FAILED. 38 passed; 2 failed; 0 ignored; 0 measured; 0 filtered out; finished in 4.00s

error: test failed, to rerun pass `--lib`
